#-----------------------------------------------------------
# Vivado v2025.1 (64-bit)
# SW Build 6140274 on Thu May 22 00:12:29 MDT 2025
# IP Build 6138677 on Thu May 22 03:10:11 MDT 2025
# SharedData Build 6139179 on Tue May 20 17:58:58 MDT 2025
# Start of session at: Wed Oct 15 19:37:47 2025
# Process ID         : 19580
# Current directory  : C:/Users/s rakshith/OneDrive/Documents/vivado projects/project_1/project_1.runs/synth_1
# Command line       : vivado.exe -log logic_gates.vds -product Vivado -mode batch -messageDb vivado.pb -notrace -source logic_gates.tcl
# Log file           : C:/Users/s rakshith/OneDrive/Documents/vivado projects/project_1/project_1.runs/synth_1/logic_gates.vds
# Journal file       : C:/Users/s rakshith/OneDrive/Documents/vivado projects/project_1/project_1.runs/synth_1\vivado.jou
# Running On         : Rakshith
# Platform           : Windows Server 2016 or Windows 10
# Operating System   : 26200
# Processor Detail   : 12th Gen Intel(R) Core(TM) i5-12450H
# CPU Frequency      : 2496 MHz
# CPU Physical cores : 8
# CPU Logical cores  : 12
# Host memory        : 16857 MB
# Swap memory        : 1073 MB
# Total Virtual      : 17931 MB
# Available Virtual  : 7722 MB
#-----------------------------------------------------------
source logic_gates.tcl -notrace
